[0.073s] DEBUG:colcon:Command line arguments: ['/usr/bin/colcon', 'build', '--symlink-install', '--packages-select', 'ros2_hydrotest_chuyko_example_2']
[0.073s] DEBUG:colcon:Parsed command line arguments: Namespace(log_base=None, log_level=None, verb_name='build', build_base='build', install_base='install', merge_install=False, symlink_install=True, test_result_base=None, continue_on_error=False, executor='parallel', parallel_workers=8, event_handlers=None, ignore_user_meta=False, metas=['./colcon.meta'], base_paths=['.'], packages_ignore=None, packages_ignore_regex=None, paths=None, packages_up_to=None, packages_up_to_regex=None, packages_above=None, packages_above_and_dependencies=None, packages_above_depth=None, packages_select_by_dep=None, packages_skip_by_dep=None, packages_skip_up_to=None, packages_select_build_failed=False, packages_skip_build_finished=False, packages_select_test_failures=False, packages_skip_test_passed=False, packages_select=['ros2_hydrotest_chuyko_example_2'], packages_skip=None, packages_select_regex=None, packages_skip_regex=None, packages_start=None, packages_end=None, allow_overriding=[], cmake_args=None, cmake_target=None, cmake_target_skip_unavailable=False, cmake_clean_cache=False, cmake_clean_first=False, cmake_force_configure=False, ament_cmake_args=None, catkin_cmake_args=None, catkin_skip_building_tests=False, mixin_files=None, mixin=None, verb_parser=<colcon_mixin.mixin.mixin_argument.MixinArgumentDecorator object at 0x7fbf49f61de0>, verb_extension=<colcon_core.verb.build.BuildVerb object at 0x7fbf4a06ece0>, main=<bound method BuildVerb.main of <colcon_core.verb.build.BuildVerb object at 0x7fbf4a06ece0>>, mixin_verb=('build',))
[0.170s] Level 1:colcon.colcon_core.package_discovery:discover_packages(colcon_meta) check parameters
[0.173s] Level 1:colcon.colcon_core.package_discovery:discover_packages(recursive) check parameters
[0.173s] Level 1:colcon.colcon_core.package_discovery:discover_packages(ignore) check parameters
[0.173s] Level 1:colcon.colcon_core.package_discovery:discover_packages(path) check parameters
[0.173s] Level 1:colcon.colcon_core.package_discovery:discover_packages(colcon_meta) discover
[0.174s] Level 1:colcon.colcon_core.package_discovery:discover_packages(recursive) discover
[0.174s] INFO:colcon.colcon_core.package_discovery:Crawling recursively for packages in '/home/pavel/Desktop/BaumanProjects/ros2_hydrotest_chuyko'
[0.174s] Level 1:colcon.colcon_core.package_identification:_identify(.) by extensions ['ignore', 'ignore_ament_install']
[0.174s] Level 1:colcon.colcon_core.package_identification:_identify(.) by extension 'ignore'
[0.174s] Level 1:colcon.colcon_core.package_identification:_identify(.) by extension 'ignore_ament_install'
[0.174s] Level 1:colcon.colcon_core.package_identification:_identify(.) by extensions ['colcon_pkg']
[0.174s] Level 1:colcon.colcon_core.package_identification:_identify(.) by extension 'colcon_pkg'
[0.174s] Level 1:colcon.colcon_core.package_identification:_identify(.) by extensions ['colcon_meta']
[0.174s] Level 1:colcon.colcon_core.package_identification:_identify(.) by extension 'colcon_meta'
[0.174s] Level 1:colcon.colcon_core.package_identification:_identify(.) by extensions ['ros']
[0.174s] Level 1:colcon.colcon_core.package_identification:_identify(.) by extension 'ros'
[0.190s] Level 1:colcon.colcon_core.package_identification:_identify(.) by extensions ['cmake', 'python']
[0.190s] Level 1:colcon.colcon_core.package_identification:_identify(.) by extension 'cmake'
[0.190s] Level 1:colcon.colcon_core.package_identification:_identify(.) by extension 'python'
[0.190s] Level 1:colcon.colcon_core.package_identification:_identify(.) by extensions ['python_setup_py']
[0.190s] Level 1:colcon.colcon_core.package_identification:_identify(.) by extension 'python_setup_py'
[0.190s] Level 1:colcon.colcon_core.package_identification:_identify(build) by extensions ['ignore', 'ignore_ament_install']
[0.191s] Level 1:colcon.colcon_core.package_identification:_identify(build) by extension 'ignore'
[0.191s] Level 1:colcon.colcon_core.package_identification:_identify(build) ignored
[0.191s] Level 1:colcon.colcon_core.package_identification:_identify(install) by extensions ['ignore', 'ignore_ament_install']
[0.191s] Level 1:colcon.colcon_core.package_identification:_identify(install) by extension 'ignore'
[0.191s] Level 1:colcon.colcon_core.package_identification:_identify(install) ignored
[0.191s] Level 1:colcon.colcon_core.package_identification:_identify(log) by extensions ['ignore', 'ignore_ament_install']
[0.191s] Level 1:colcon.colcon_core.package_identification:_identify(log) by extension 'ignore'
[0.191s] Level 1:colcon.colcon_core.package_identification:_identify(log) ignored
[0.192s] Level 1:colcon.colcon_core.package_identification:_identify(ros2_hydrotest_chuyko_example_1) by extensions ['ignore', 'ignore_ament_install']
[0.192s] Level 1:colcon.colcon_core.package_identification:_identify(ros2_hydrotest_chuyko_example_1) by extension 'ignore'
[0.192s] Level 1:colcon.colcon_core.package_identification:_identify(ros2_hydrotest_chuyko_example_1) by extension 'ignore_ament_install'
[0.192s] Level 1:colcon.colcon_core.package_identification:_identify(ros2_hydrotest_chuyko_example_1) by extensions ['colcon_pkg']
[0.192s] Level 1:colcon.colcon_core.package_identification:_identify(ros2_hydrotest_chuyko_example_1) by extension 'colcon_pkg'
[0.192s] Level 1:colcon.colcon_core.package_identification:_identify(ros2_hydrotest_chuyko_example_1) by extensions ['colcon_meta']
[0.192s] Level 1:colcon.colcon_core.package_identification:_identify(ros2_hydrotest_chuyko_example_1) by extension 'colcon_meta'
[0.192s] Level 1:colcon.colcon_core.package_identification:_identify(ros2_hydrotest_chuyko_example_1) by extensions ['ros']
[0.192s] Level 1:colcon.colcon_core.package_identification:_identify(ros2_hydrotest_chuyko_example_1) by extension 'ros'
[0.194s] DEBUG:colcon.colcon_core.package_identification:Package 'ros2_hydrotest_chuyko_example_1' with type 'ros.ament_cmake' and name 'ros2_hydrotest_chuyko_example_1'
[0.194s] Level 1:colcon.colcon_core.package_identification:_identify(ros2_hydrotest_chuyko_example_2) by extensions ['ignore', 'ignore_ament_install']
[0.194s] Level 1:colcon.colcon_core.package_identification:_identify(ros2_hydrotest_chuyko_example_2) by extension 'ignore'
[0.195s] Level 1:colcon.colcon_core.package_identification:_identify(ros2_hydrotest_chuyko_example_2) by extension 'ignore_ament_install'
[0.195s] Level 1:colcon.colcon_core.package_identification:_identify(ros2_hydrotest_chuyko_example_2) by extensions ['colcon_pkg']
[0.195s] Level 1:colcon.colcon_core.package_identification:_identify(ros2_hydrotest_chuyko_example_2) by extension 'colcon_pkg'
[0.195s] Level 1:colcon.colcon_core.package_identification:_identify(ros2_hydrotest_chuyko_example_2) by extensions ['colcon_meta']
[0.195s] Level 1:colcon.colcon_core.package_identification:_identify(ros2_hydrotest_chuyko_example_2) by extension 'colcon_meta'
[0.195s] Level 1:colcon.colcon_core.package_identification:_identify(ros2_hydrotest_chuyko_example_2) by extensions ['ros']
[0.195s] Level 1:colcon.colcon_core.package_identification:_identify(ros2_hydrotest_chuyko_example_2) by extension 'ros'
[0.195s] DEBUG:colcon.colcon_core.package_identification:Package 'ros2_hydrotest_chuyko_example_2' with type 'ros.ament_python' and name 'ros2_hydrotest_chuyko_example_2'
[0.196s] Level 1:colcon.colcon_core.package_identification:_identify(ros2_hydrotest_chuyko_interfaces) by extensions ['ignore', 'ignore_ament_install']
[0.196s] Level 1:colcon.colcon_core.package_identification:_identify(ros2_hydrotest_chuyko_interfaces) by extension 'ignore'
[0.196s] Level 1:colcon.colcon_core.package_identification:_identify(ros2_hydrotest_chuyko_interfaces) by extension 'ignore_ament_install'
[0.196s] Level 1:colcon.colcon_core.package_identification:_identify(ros2_hydrotest_chuyko_interfaces) by extensions ['colcon_pkg']
[0.196s] Level 1:colcon.colcon_core.package_identification:_identify(ros2_hydrotest_chuyko_interfaces) by extension 'colcon_pkg'
[0.196s] Level 1:colcon.colcon_core.package_identification:_identify(ros2_hydrotest_chuyko_interfaces) by extensions ['colcon_meta']
[0.196s] Level 1:colcon.colcon_core.package_identification:_identify(ros2_hydrotest_chuyko_interfaces) by extension 'colcon_meta'
[0.196s] Level 1:colcon.colcon_core.package_identification:_identify(ros2_hydrotest_chuyko_interfaces) by extensions ['ros']
[0.196s] Level 1:colcon.colcon_core.package_identification:_identify(ros2_hydrotest_chuyko_interfaces) by extension 'ros'
[0.196s] DEBUG:colcon.colcon_core.package_identification:Package 'ros2_hydrotest_chuyko_interfaces' with type 'ros.ament_cmake' and name 'ros2_hydrotest_chuyko_interfaces'
[0.197s] Level 1:colcon.colcon_core.package_identification:_identify(ros2_hydrotest_chuyko_launch) by extensions ['ignore', 'ignore_ament_install']
[0.197s] Level 1:colcon.colcon_core.package_identification:_identify(ros2_hydrotest_chuyko_launch) by extension 'ignore'
[0.197s] Level 1:colcon.colcon_core.package_identification:_identify(ros2_hydrotest_chuyko_launch) by extension 'ignore_ament_install'
[0.197s] Level 1:colcon.colcon_core.package_identification:_identify(ros2_hydrotest_chuyko_launch) by extensions ['colcon_pkg']
[0.197s] Level 1:colcon.colcon_core.package_identification:_identify(ros2_hydrotest_chuyko_launch) by extension 'colcon_pkg'
[0.197s] Level 1:colcon.colcon_core.package_identification:_identify(ros2_hydrotest_chuyko_launch) by extensions ['colcon_meta']
[0.197s] Level 1:colcon.colcon_core.package_identification:_identify(ros2_hydrotest_chuyko_launch) by extension 'colcon_meta'
[0.197s] Level 1:colcon.colcon_core.package_identification:_identify(ros2_hydrotest_chuyko_launch) by extensions ['ros']
[0.197s] Level 1:colcon.colcon_core.package_identification:_identify(ros2_hydrotest_chuyko_launch) by extension 'ros'
[0.197s] DEBUG:colcon.colcon_core.package_identification:Package 'ros2_hydrotest_chuyko_launch' with type 'ros.ament_python' and name 'ros2_hydrotest_chuyko_launch'
[0.198s] Level 1:colcon.colcon_core.package_discovery:discover_packages(recursive) using defaults
[0.198s] Level 1:colcon.colcon_core.package_discovery:discover_packages(ignore) discover
[0.198s] Level 1:colcon.colcon_core.package_discovery:discover_packages(ignore) using defaults
[0.198s] Level 1:colcon.colcon_core.package_discovery:discover_packages(path) discover
[0.198s] Level 1:colcon.colcon_core.package_discovery:discover_packages(path) using defaults
[0.224s] INFO:colcon.colcon_core.package_selection:Skipping not selected package 'ros2_hydrotest_chuyko_interfaces' in 'ros2_hydrotest_chuyko_interfaces'
[0.225s] INFO:colcon.colcon_core.package_selection:Skipping not selected package 'ros2_hydrotest_chuyko_example_1' in 'ros2_hydrotest_chuyko_example_1'
[0.225s] INFO:colcon.colcon_core.package_selection:Skipping not selected package 'ros2_hydrotest_chuyko_launch' in 'ros2_hydrotest_chuyko_launch'
[0.225s] Level 1:colcon.colcon_core.package_discovery:discover_packages(prefix_path) check parameters
[0.225s] Level 1:colcon.colcon_core.package_discovery:discover_packages(prefix_path) discover
[0.227s] WARNING:colcon.colcon_ros.prefix_path.ament:The path '/home/pavel/Desktop/BaumanProjects/ros2_hydrotest_chuyko/install/ros2_hydrotest_chuyko_launch' in the environment variable AMENT_PREFIX_PATH doesn't exist
[0.227s] WARNING:colcon.colcon_ros.prefix_path.ament:The path '/home/pavel/Desktop/BaumanProjects/ros2_hydrotest_chuyko/install/ros2_hydrotest_chuyko_example_2' in the environment variable AMENT_PREFIX_PATH doesn't exist
[0.228s] DEBUG:colcon.colcon_installed_package_information.package_discovery:Found 2 installed packages in /home/pavel/Desktop/BaumanProjects/ros2_hydrotest_chuyko/install
[0.229s] DEBUG:colcon.colcon_installed_package_information.package_discovery:Found 281 installed packages in /opt/ros/iron
[0.230s] Level 1:colcon.colcon_core.package_discovery:discover_packages(prefix_path) using defaults
[0.271s] Level 5:colcon.colcon_core.verb:set package 'ros2_hydrotest_chuyko_example_2' build argument 'cmake_args' from command line to 'None'
[0.273s] Level 5:colcon.colcon_core.verb:set package 'ros2_hydrotest_chuyko_example_2' build argument 'cmake_target' from command line to 'None'
[0.273s] Level 5:colcon.colcon_core.verb:set package 'ros2_hydrotest_chuyko_example_2' build argument 'cmake_target_skip_unavailable' from command line to 'False'
[0.275s] Level 5:colcon.colcon_core.verb:set package 'ros2_hydrotest_chuyko_example_2' build argument 'cmake_clean_cache' from command line to 'False'
[0.275s] Level 5:colcon.colcon_core.verb:set package 'ros2_hydrotest_chuyko_example_2' build argument 'cmake_clean_first' from command line to 'False'
[0.275s] Level 5:colcon.colcon_core.verb:set package 'ros2_hydrotest_chuyko_example_2' build argument 'cmake_force_configure' from command line to 'False'
[0.275s] Level 5:colcon.colcon_core.verb:set package 'ros2_hydrotest_chuyko_example_2' build argument 'ament_cmake_args' from command line to 'None'
[0.275s] Level 5:colcon.colcon_core.verb:set package 'ros2_hydrotest_chuyko_example_2' build argument 'catkin_cmake_args' from command line to 'None'
[0.275s] Level 5:colcon.colcon_core.verb:set package 'ros2_hydrotest_chuyko_example_2' build argument 'catkin_skip_building_tests' from command line to 'False'
[0.275s] DEBUG:colcon.colcon_core.verb:Building package 'ros2_hydrotest_chuyko_example_2' with the following arguments: {'ament_cmake_args': None, 'build_base': '/home/pavel/Desktop/BaumanProjects/ros2_hydrotest_chuyko/build/ros2_hydrotest_chuyko_example_2', 'catkin_cmake_args': None, 'catkin_skip_building_tests': False, 'cmake_args': None, 'cmake_clean_cache': False, 'cmake_clean_first': False, 'cmake_force_configure': False, 'cmake_target': None, 'cmake_target_skip_unavailable': False, 'install_base': '/home/pavel/Desktop/BaumanProjects/ros2_hydrotest_chuyko/install/ros2_hydrotest_chuyko_example_2', 'merge_install': False, 'path': '/home/pavel/Desktop/BaumanProjects/ros2_hydrotest_chuyko/ros2_hydrotest_chuyko_example_2', 'symlink_install': True, 'test_result_base': None}
[0.275s] INFO:colcon.colcon_core.executor:Executing jobs using 'parallel' executor
[0.276s] DEBUG:colcon.colcon_parallel_executor.executor.parallel:run_until_complete
[0.277s] INFO:colcon.colcon_ros.task.ament_python.build:Building ROS package in '/home/pavel/Desktop/BaumanProjects/ros2_hydrotest_chuyko/ros2_hydrotest_chuyko_example_2' with build type 'ament_python'
[0.277s] Level 1:colcon.colcon_core.shell:create_environment_hook('ros2_hydrotest_chuyko_example_2', 'ament_prefix_path')
[0.279s] INFO:colcon.colcon_core.plugin_system:Skipping extension 'colcon_core.shell.bat': Not used on non-Windows systems
[0.279s] INFO:colcon.colcon_core.shell:Creating environment hook '/home/pavel/Desktop/BaumanProjects/ros2_hydrotest_chuyko/install/ros2_hydrotest_chuyko_example_2/share/ros2_hydrotest_chuyko_example_2/hook/ament_prefix_path.ps1'
[0.280s] INFO:colcon.colcon_core.shell:Creating environment descriptor '/home/pavel/Desktop/BaumanProjects/ros2_hydrotest_chuyko/install/ros2_hydrotest_chuyko_example_2/share/ros2_hydrotest_chuyko_example_2/hook/ament_prefix_path.dsv'
[0.280s] INFO:colcon.colcon_core.shell:Creating environment hook '/home/pavel/Desktop/BaumanProjects/ros2_hydrotest_chuyko/install/ros2_hydrotest_chuyko_example_2/share/ros2_hydrotest_chuyko_example_2/hook/ament_prefix_path.sh'
[0.280s] INFO:colcon.colcon_core.shell:Skip shell extension 'powershell' for command environment: Not usable outside of PowerShell
[0.280s] DEBUG:colcon.colcon_core.shell:Skip shell extension 'dsv' for command environment
[0.741s] INFO:colcon.colcon_core.task.python.build:Building Python package in '/home/pavel/Desktop/BaumanProjects/ros2_hydrotest_chuyko/ros2_hydrotest_chuyko_example_2'
[0.743s] INFO:colcon.colcon_core.shell:Skip shell extension 'powershell' for command environment: Not usable outside of PowerShell
[0.744s] DEBUG:colcon.colcon_core.shell:Skip shell extension 'dsv' for command environment
[1.267s] DEBUG:colcon.colcon_core.event_handler.log_command:Invoking command in '/home/pavel/Desktop/BaumanProjects/ros2_hydrotest_chuyko/build/ros2_hydrotest_chuyko_example_2': CMAKE_PREFIX_PATH=/home/pavel/Desktop/BaumanProjects/ros2_hydrotest_chuyko/install/ros2_hydrotest_chuyko_interfaces:/home/pavel/Desktop/BaumanProjects/ros2_hydrotest_chuyko/install/ros2_hydrotest_chuyko_example_1 PYTHONPATH=/home/pavel/Desktop/BaumanProjects/ros2_hydrotest_chuyko/build/ros2_hydrotest_chuyko_example_2/prefix_override:/usr/lib/python3/dist-packages/colcon_core/task/python/colcon_distutils_commands:/home/pavel/Desktop/BaumanProjects/ros2_hydrotest_chuyko/install/ros2_hydrotest_chuyko_example_2/lib/python3.10/site-packages:${PYTHONPATH} /usr/bin/python3 -W ignore:setup.py install is deprecated -W ignore:easy_install command is deprecated setup.py develop --editable --build-directory /home/pavel/Desktop/BaumanProjects/ros2_hydrotest_chuyko/build/ros2_hydrotest_chuyko_example_2/build --no-deps symlink_data
[1.840s] Level 1:colcon.colcon_core.shell:create_environment_hook('ros2_hydrotest_chuyko_example_2', 'pythonpath_develop')
[1.841s] INFO:colcon.colcon_core.shell:Creating environment hook '/home/pavel/Desktop/BaumanProjects/ros2_hydrotest_chuyko/build/ros2_hydrotest_chuyko_example_2/share/ros2_hydrotest_chuyko_example_2/hook/pythonpath_develop.ps1'
[1.852s] DEBUG:colcon.colcon_core.event_handler.log_command:Invoked command in '/home/pavel/Desktop/BaumanProjects/ros2_hydrotest_chuyko/build/ros2_hydrotest_chuyko_example_2' returned '0': CMAKE_PREFIX_PATH=/home/pavel/Desktop/BaumanProjects/ros2_hydrotest_chuyko/install/ros2_hydrotest_chuyko_interfaces:/home/pavel/Desktop/BaumanProjects/ros2_hydrotest_chuyko/install/ros2_hydrotest_chuyko_example_1 PYTHONPATH=/home/pavel/Desktop/BaumanProjects/ros2_hydrotest_chuyko/build/ros2_hydrotest_chuyko_example_2/prefix_override:/usr/lib/python3/dist-packages/colcon_core/task/python/colcon_distutils_commands:/home/pavel/Desktop/BaumanProjects/ros2_hydrotest_chuyko/install/ros2_hydrotest_chuyko_example_2/lib/python3.10/site-packages:${PYTHONPATH} /usr/bin/python3 -W ignore:setup.py install is deprecated -W ignore:easy_install command is deprecated setup.py develop --editable --build-directory /home/pavel/Desktop/BaumanProjects/ros2_hydrotest_chuyko/build/ros2_hydrotest_chuyko_example_2/build --no-deps symlink_data
[1.853s] INFO:colcon.colcon_core.shell:Creating environment descriptor '/home/pavel/Desktop/BaumanProjects/ros2_hydrotest_chuyko/build/ros2_hydrotest_chuyko_example_2/share/ros2_hydrotest_chuyko_example_2/hook/pythonpath_develop.dsv'
[1.856s] INFO:colcon.colcon_core.shell:Creating environment hook '/home/pavel/Desktop/BaumanProjects/ros2_hydrotest_chuyko/build/ros2_hydrotest_chuyko_example_2/share/ros2_hydrotest_chuyko_example_2/hook/pythonpath_develop.sh'
[1.866s] Level 1:colcon.colcon_core.environment:checking '/home/pavel/Desktop/BaumanProjects/ros2_hydrotest_chuyko/install/ros2_hydrotest_chuyko_example_2' for CMake module files
[1.869s] Level 1:colcon.colcon_core.environment:checking '/home/pavel/Desktop/BaumanProjects/ros2_hydrotest_chuyko/install/ros2_hydrotest_chuyko_example_2' for CMake config files
[1.870s] Level 1:colcon.colcon_core.environment:checking '/home/pavel/Desktop/BaumanProjects/ros2_hydrotest_chuyko/install/ros2_hydrotest_chuyko_example_2/lib'
[1.870s] Level 1:colcon.colcon_core.environment:checking '/home/pavel/Desktop/BaumanProjects/ros2_hydrotest_chuyko/install/ros2_hydrotest_chuyko_example_2/bin'
[1.870s] Level 1:colcon.colcon_core.environment:checking '/home/pavel/Desktop/BaumanProjects/ros2_hydrotest_chuyko/install/ros2_hydrotest_chuyko_example_2/lib/pkgconfig/ros2_hydrotest_chuyko_example_2.pc'
[1.870s] Level 1:colcon.colcon_core.environment:checking '/home/pavel/Desktop/BaumanProjects/ros2_hydrotest_chuyko/install/ros2_hydrotest_chuyko_example_2/lib/python3.10/site-packages'
[1.870s] Level 1:colcon.colcon_core.shell:create_environment_hook('ros2_hydrotest_chuyko_example_2', 'pythonpath')
[1.870s] INFO:colcon.colcon_core.shell:Creating environment hook '/home/pavel/Desktop/BaumanProjects/ros2_hydrotest_chuyko/install/ros2_hydrotest_chuyko_example_2/share/ros2_hydrotest_chuyko_example_2/hook/pythonpath.ps1'
[1.871s] INFO:colcon.colcon_core.shell:Creating environment descriptor '/home/pavel/Desktop/BaumanProjects/ros2_hydrotest_chuyko/install/ros2_hydrotest_chuyko_example_2/share/ros2_hydrotest_chuyko_example_2/hook/pythonpath.dsv'
[1.871s] INFO:colcon.colcon_core.shell:Creating environment hook '/home/pavel/Desktop/BaumanProjects/ros2_hydrotest_chuyko/install/ros2_hydrotest_chuyko_example_2/share/ros2_hydrotest_chuyko_example_2/hook/pythonpath.sh'
[1.872s] Level 1:colcon.colcon_core.environment:checking '/home/pavel/Desktop/BaumanProjects/ros2_hydrotest_chuyko/install/ros2_hydrotest_chuyko_example_2/bin'
[1.872s] Level 1:colcon.colcon_core.environment:create_environment_scripts_only(ros2_hydrotest_chuyko_example_2)
[1.872s] INFO:colcon.colcon_core.shell:Creating package script '/home/pavel/Desktop/BaumanProjects/ros2_hydrotest_chuyko/install/ros2_hydrotest_chuyko_example_2/share/ros2_hydrotest_chuyko_example_2/package.ps1'
[1.873s] INFO:colcon.colcon_core.shell:Creating package descriptor '/home/pavel/Desktop/BaumanProjects/ros2_hydrotest_chuyko/install/ros2_hydrotest_chuyko_example_2/share/ros2_hydrotest_chuyko_example_2/package.dsv'
[1.873s] INFO:colcon.colcon_core.shell:Creating package script '/home/pavel/Desktop/BaumanProjects/ros2_hydrotest_chuyko/install/ros2_hydrotest_chuyko_example_2/share/ros2_hydrotest_chuyko_example_2/package.sh'
[1.873s] INFO:colcon.colcon_core.shell:Creating package script '/home/pavel/Desktop/BaumanProjects/ros2_hydrotest_chuyko/install/ros2_hydrotest_chuyko_example_2/share/ros2_hydrotest_chuyko_example_2/package.bash'
[1.874s] INFO:colcon.colcon_core.shell:Creating package script '/home/pavel/Desktop/BaumanProjects/ros2_hydrotest_chuyko/install/ros2_hydrotest_chuyko_example_2/share/ros2_hydrotest_chuyko_example_2/package.zsh'
[1.874s] Level 1:colcon.colcon_core.environment:create_file_with_runtime_dependencies(/home/pavel/Desktop/BaumanProjects/ros2_hydrotest_chuyko/install/ros2_hydrotest_chuyko_example_2/share/colcon-core/packages/ros2_hydrotest_chuyko_example_2)
[1.875s] DEBUG:colcon.colcon_parallel_executor.executor.parallel:closing loop
[1.875s] DEBUG:colcon.colcon_parallel_executor.executor.parallel:loop closed
[1.875s] DEBUG:colcon.colcon_parallel_executor.executor.parallel:run_until_complete finished with '0'
[1.875s] DEBUG:colcon.colcon_core.event_reactor:joining thread
[1.879s] INFO:colcon.colcon_core.plugin_system:Skipping extension 'colcon_notification.desktop_notification.terminal_notifier': Not used on non-Darwin systems
[1.879s] INFO:colcon.colcon_core.plugin_system:Skipping extension 'colcon_notification.desktop_notification.win32': Not used on non-Windows systems
[1.879s] INFO:colcon.colcon_notification.desktop_notification:Sending desktop notification using 'notify2'
[1.908s] DEBUG:colcon.colcon_core.event_reactor:joined thread
[1.911s] INFO:colcon.colcon_core.shell:Creating prefix script '/home/pavel/Desktop/BaumanProjects/ros2_hydrotest_chuyko/install/local_setup.ps1'
[1.916s] INFO:colcon.colcon_core.shell:Creating prefix util module '/home/pavel/Desktop/BaumanProjects/ros2_hydrotest_chuyko/install/_local_setup_util_ps1.py'
[1.917s] INFO:colcon.colcon_core.shell:Creating prefix chain script '/home/pavel/Desktop/BaumanProjects/ros2_hydrotest_chuyko/install/setup.ps1'
[1.918s] INFO:colcon.colcon_core.shell:Creating prefix script '/home/pavel/Desktop/BaumanProjects/ros2_hydrotest_chuyko/install/local_setup.sh'
[1.918s] INFO:colcon.colcon_core.shell:Creating prefix util module '/home/pavel/Desktop/BaumanProjects/ros2_hydrotest_chuyko/install/_local_setup_util_sh.py'
[1.920s] INFO:colcon.colcon_core.shell:Creating prefix chain script '/home/pavel/Desktop/BaumanProjects/ros2_hydrotest_chuyko/install/setup.sh'
[1.925s] INFO:colcon.colcon_core.shell:Creating prefix script '/home/pavel/Desktop/BaumanProjects/ros2_hydrotest_chuyko/install/local_setup.bash'
[1.926s] INFO:colcon.colcon_core.shell:Creating prefix chain script '/home/pavel/Desktop/BaumanProjects/ros2_hydrotest_chuyko/install/setup.bash'
[1.934s] INFO:colcon.colcon_core.shell:Creating prefix script '/home/pavel/Desktop/BaumanProjects/ros2_hydrotest_chuyko/install/local_setup.zsh'
[1.935s] INFO:colcon.colcon_core.shell:Creating prefix chain script '/home/pavel/Desktop/BaumanProjects/ros2_hydrotest_chuyko/install/setup.zsh'
